Archive member included to satisfy reference by file (symbol)

/home/users/dvk/code/gcc-arm-none-eabi-7-2018-q2-update/bin/../lib/gcc/arm-none-eabi/7.3.1/../../../../arm-none-eabi/lib/thumb/v6-m/libc_nano.a(lib_a-exit.o)
                              /home/users/dvk/code/gcc-arm-none-eabi-7-2018-q2-update/bin/../lib/gcc/arm-none-eabi/7.3.1/../../../../arm-none-eabi/lib/thumb/v6-m/crt0.o (exit)
/home/users/dvk/code/gcc-arm-none-eabi-7-2018-q2-update/bin/../lib/gcc/arm-none-eabi/7.3.1/../../../../arm-none-eabi/lib/thumb/v6-m/libc_nano.a(lib_a-impure.o)
                              /home/users/dvk/code/gcc-arm-none-eabi-7-2018-q2-update/bin/../lib/gcc/arm-none-eabi/7.3.1/../../../../arm-none-eabi/lib/thumb/v6-m/libc_nano.a(lib_a-exit.o) (_global_impure_ptr)
/home/users/dvk/code/gcc-arm-none-eabi-7-2018-q2-update/bin/../lib/gcc/arm-none-eabi/7.3.1/../../../../arm-none-eabi/lib/thumb/v6-m/libc_nano.a(lib_a-init.o)
                              /home/users/dvk/code/gcc-arm-none-eabi-7-2018-q2-update/bin/../lib/gcc/arm-none-eabi/7.3.1/../../../../arm-none-eabi/lib/thumb/v6-m/crt0.o (__libc_init_array)
/home/users/dvk/code/gcc-arm-none-eabi-7-2018-q2-update/bin/../lib/gcc/arm-none-eabi/7.3.1/../../../../arm-none-eabi/lib/thumb/v6-m/libc_nano.a(lib_a-memset.o)
                              /home/users/dvk/code/gcc-arm-none-eabi-7-2018-q2-update/bin/../lib/gcc/arm-none-eabi/7.3.1/../../../../arm-none-eabi/lib/thumb/v6-m/crt0.o (memset)
/home/users/dvk/code/gcc-arm-none-eabi-7-2018-q2-update/bin/../lib/gcc/arm-none-eabi/7.3.1/../../../../arm-none-eabi/lib/thumb/v6-m/libnosys.a(_exit.o)
                              /home/users/dvk/code/gcc-arm-none-eabi-7-2018-q2-update/bin/../lib/gcc/arm-none-eabi/7.3.1/../../../../arm-none-eabi/lib/thumb/v6-m/libc_nano.a(lib_a-exit.o) (_exit)
/home/users/dvk/code/gcc-arm-none-eabi-7-2018-q2-update/bin/../lib/gcc/arm-none-eabi/7.3.1/thumb/v6-m/libgcc.a(_udivsi3.o)
                              build/main.o (__aeabi_uidivmod)
/home/users/dvk/code/gcc-arm-none-eabi-7-2018-q2-update/bin/../lib/gcc/arm-none-eabi/7.3.1/thumb/v6-m/libgcc.a(_dvmd_tls.o)
                              /home/users/dvk/code/gcc-arm-none-eabi-7-2018-q2-update/bin/../lib/gcc/arm-none-eabi/7.3.1/thumb/v6-m/libgcc.a(_udivsi3.o) (__aeabi_idiv0)

Discarded input sections

 .text          0x0000000000000000        0x0 /home/users/dvk/code/gcc-arm-none-eabi-7-2018-q2-update/bin/../lib/gcc/arm-none-eabi/7.3.1/thumb/v6-m/crti.o
 .data          0x0000000000000000        0x0 /home/users/dvk/code/gcc-arm-none-eabi-7-2018-q2-update/bin/../lib/gcc/arm-none-eabi/7.3.1/thumb/v6-m/crti.o
 .bss           0x0000000000000000        0x0 /home/users/dvk/code/gcc-arm-none-eabi-7-2018-q2-update/bin/../lib/gcc/arm-none-eabi/7.3.1/thumb/v6-m/crti.o
 .data          0x0000000000000000        0x4 /home/users/dvk/code/gcc-arm-none-eabi-7-2018-q2-update/bin/../lib/gcc/arm-none-eabi/7.3.1/thumb/v6-m/crtbegin.o
 .text          0x0000000000000000       0x78 /home/users/dvk/code/gcc-arm-none-eabi-7-2018-q2-update/bin/../lib/gcc/arm-none-eabi/7.3.1/../../../../arm-none-eabi/lib/thumb/v6-m/crt0.o
 .data          0x0000000000000000        0x0 /home/users/dvk/code/gcc-arm-none-eabi-7-2018-q2-update/bin/../lib/gcc/arm-none-eabi/7.3.1/../../../../arm-none-eabi/lib/thumb/v6-m/crt0.o
 .bss           0x0000000000000000        0x0 /home/users/dvk/code/gcc-arm-none-eabi-7-2018-q2-update/bin/../lib/gcc/arm-none-eabi/7.3.1/../../../../arm-none-eabi/lib/thumb/v6-m/crt0.o
 .ARM.extab     0x0000000000000000        0x0 /home/users/dvk/code/gcc-arm-none-eabi-7-2018-q2-update/bin/../lib/gcc/arm-none-eabi/7.3.1/../../../../arm-none-eabi/lib/thumb/v6-m/crt0.o
 .ARM.exidx     0x0000000000000000        0x8 /home/users/dvk/code/gcc-arm-none-eabi-7-2018-q2-update/bin/../lib/gcc/arm-none-eabi/7.3.1/../../../../arm-none-eabi/lib/thumb/v6-m/crt0.o
 .ARM.attributes
                0x0000000000000000       0x1b /home/users/dvk/code/gcc-arm-none-eabi-7-2018-q2-update/bin/../lib/gcc/arm-none-eabi/7.3.1/../../../../arm-none-eabi/lib/thumb/v6-m/crt0.o
 .group         0x0000000000000000        0x8 build/main.o
 .group         0x0000000000000000        0x8 build/main.o
 .group         0x0000000000000000        0xc build/main.o
 .group         0x0000000000000000        0xc build/main.o
 .text          0x0000000000000000        0x0 build/main.o
 .data          0x0000000000000000        0x0 build/main.o
 .bss           0x0000000000000000        0x0 build/main.o
 .text          0x0000000000000000       0x14 build/startup_stm32f030x6.o
 .data          0x0000000000000000        0x0 build/startup_stm32f030x6.o
 .bss           0x0000000000000000        0x0 build/startup_stm32f030x6.o
 .text          0x0000000000000000        0x0 /home/users/dvk/code/gcc-arm-none-eabi-7-2018-q2-update/bin/../lib/gcc/arm-none-eabi/7.3.1/../../../../arm-none-eabi/lib/thumb/v6-m/libc_nano.a(lib_a-exit.o)
 .data          0x0000000000000000        0x0 /home/users/dvk/code/gcc-arm-none-eabi-7-2018-q2-update/bin/../lib/gcc/arm-none-eabi/7.3.1/../../../../arm-none-eabi/lib/thumb/v6-m/libc_nano.a(lib_a-exit.o)
 .bss           0x0000000000000000        0x0 /home/users/dvk/code/gcc-arm-none-eabi-7-2018-q2-update/bin/../lib/gcc/arm-none-eabi/7.3.1/../../../../arm-none-eabi/lib/thumb/v6-m/libc_nano.a(lib_a-exit.o)
 .text.exit     0x0000000000000000       0x2c /home/users/dvk/code/gcc-arm-none-eabi-7-2018-q2-update/bin/../lib/gcc/arm-none-eabi/7.3.1/../../../../arm-none-eabi/lib/thumb/v6-m/libc_nano.a(lib_a-exit.o)
 .debug_frame   0x0000000000000000       0x28 /home/users/dvk/code/gcc-arm-none-eabi-7-2018-q2-update/bin/../lib/gcc/arm-none-eabi/7.3.1/../../../../arm-none-eabi/lib/thumb/v6-m/libc_nano.a(lib_a-exit.o)
 .ARM.attributes
                0x0000000000000000       0x2c /home/users/dvk/code/gcc-arm-none-eabi-7-2018-q2-update/bin/../lib/gcc/arm-none-eabi/7.3.1/../../../../arm-none-eabi/lib/thumb/v6-m/libc_nano.a(lib_a-exit.o)
 .text          0x0000000000000000        0x0 /home/users/dvk/code/gcc-arm-none-eabi-7-2018-q2-update/bin/../lib/gcc/arm-none-eabi/7.3.1/../../../../arm-none-eabi/lib/thumb/v6-m/libc_nano.a(lib_a-impure.o)
 .data          0x0000000000000000        0x0 /home/users/dvk/code/gcc-arm-none-eabi-7-2018-q2-update/bin/../lib/gcc/arm-none-eabi/7.3.1/../../../../arm-none-eabi/lib/thumb/v6-m/libc_nano.a(lib_a-impure.o)
 .bss           0x0000000000000000        0x0 /home/users/dvk/code/gcc-arm-none-eabi-7-2018-q2-update/bin/../lib/gcc/arm-none-eabi/7.3.1/../../../../arm-none-eabi/lib/thumb/v6-m/libc_nano.a(lib_a-impure.o)
 .data._impure_ptr
                0x0000000000000000        0x4 /home/users/dvk/code/gcc-arm-none-eabi-7-2018-q2-update/bin/../lib/gcc/arm-none-eabi/7.3.1/../../../../arm-none-eabi/lib/thumb/v6-m/libc_nano.a(lib_a-impure.o)
 .data.impure_data
                0x0000000000000000       0x60 /home/users/dvk/code/gcc-arm-none-eabi-7-2018-q2-update/bin/../lib/gcc/arm-none-eabi/7.3.1/../../../../arm-none-eabi/lib/thumb/v6-m/libc_nano.a(lib_a-impure.o)
 .rodata._global_impure_ptr
                0x0000000000000000        0x4 /home/users/dvk/code/gcc-arm-none-eabi-7-2018-q2-update/bin/../lib/gcc/arm-none-eabi/7.3.1/../../../../arm-none-eabi/lib/thumb/v6-m/libc_nano.a(lib_a-impure.o)
 .ARM.attributes
                0x0000000000000000       0x2c /home/users/dvk/code/gcc-arm-none-eabi-7-2018-q2-update/bin/../lib/gcc/arm-none-eabi/7.3.1/../../../../arm-none-eabi/lib/thumb/v6-m/libc_nano.a(lib_a-impure.o)
 .text          0x0000000000000000        0x0 /home/users/dvk/code/gcc-arm-none-eabi-7-2018-q2-update/bin/../lib/gcc/arm-none-eabi/7.3.1/../../../../arm-none-eabi/lib/thumb/v6-m/libc_nano.a(lib_a-init.o)
 .data          0x0000000000000000        0x0 /home/users/dvk/code/gcc-arm-none-eabi-7-2018-q2-update/bin/../lib/gcc/arm-none-eabi/7.3.1/../../../../arm-none-eabi/lib/thumb/v6-m/libc_nano.a(lib_a-init.o)
 .bss           0x0000000000000000        0x0 /home/users/dvk/code/gcc-arm-none-eabi-7-2018-q2-update/bin/../lib/gcc/arm-none-eabi/7.3.1/../../../../arm-none-eabi/lib/thumb/v6-m/libc_nano.a(lib_a-init.o)
 .text          0x0000000000000000        0x0 /home/users/dvk/code/gcc-arm-none-eabi-7-2018-q2-update/bin/../lib/gcc/arm-none-eabi/7.3.1/../../../../arm-none-eabi/lib/thumb/v6-m/libc_nano.a(lib_a-memset.o)
 .data          0x0000000000000000        0x0 /home/users/dvk/code/gcc-arm-none-eabi-7-2018-q2-update/bin/../lib/gcc/arm-none-eabi/7.3.1/../../../../arm-none-eabi/lib/thumb/v6-m/libc_nano.a(lib_a-memset.o)
 .bss           0x0000000000000000        0x0 /home/users/dvk/code/gcc-arm-none-eabi-7-2018-q2-update/bin/../lib/gcc/arm-none-eabi/7.3.1/../../../../arm-none-eabi/lib/thumb/v6-m/libc_nano.a(lib_a-memset.o)
 .text.memset   0x0000000000000000       0x10 /home/users/dvk/code/gcc-arm-none-eabi-7-2018-q2-update/bin/../lib/gcc/arm-none-eabi/7.3.1/../../../../arm-none-eabi/lib/thumb/v6-m/libc_nano.a(lib_a-memset.o)
 .debug_frame   0x0000000000000000       0x20 /home/users/dvk/code/gcc-arm-none-eabi-7-2018-q2-update/bin/../lib/gcc/arm-none-eabi/7.3.1/../../../../arm-none-eabi/lib/thumb/v6-m/libc_nano.a(lib_a-memset.o)
 .ARM.attributes
                0x0000000000000000       0x2c /home/users/dvk/code/gcc-arm-none-eabi-7-2018-q2-update/bin/../lib/gcc/arm-none-eabi/7.3.1/../../../../arm-none-eabi/lib/thumb/v6-m/libc_nano.a(lib_a-memset.o)
 .text          0x0000000000000000        0x0 /home/users/dvk/code/gcc-arm-none-eabi-7-2018-q2-update/bin/../lib/gcc/arm-none-eabi/7.3.1/../../../../arm-none-eabi/lib/thumb/v6-m/libnosys.a(_exit.o)
 .data          0x0000000000000000        0x0 /home/users/dvk/code/gcc-arm-none-eabi-7-2018-q2-update/bin/../lib/gcc/arm-none-eabi/7.3.1/../../../../arm-none-eabi/lib/thumb/v6-m/libnosys.a(_exit.o)
 .bss           0x0000000000000000        0x0 /home/users/dvk/code/gcc-arm-none-eabi-7-2018-q2-update/bin/../lib/gcc/arm-none-eabi/7.3.1/../../../../arm-none-eabi/lib/thumb/v6-m/libnosys.a(_exit.o)
 .text._exit    0x0000000000000000        0x4 /home/users/dvk/code/gcc-arm-none-eabi-7-2018-q2-update/bin/../lib/gcc/arm-none-eabi/7.3.1/../../../../arm-none-eabi/lib/thumb/v6-m/libnosys.a(_exit.o)
 .debug_frame   0x0000000000000000       0x20 /home/users/dvk/code/gcc-arm-none-eabi-7-2018-q2-update/bin/../lib/gcc/arm-none-eabi/7.3.1/../../../../arm-none-eabi/lib/thumb/v6-m/libnosys.a(_exit.o)
 .ARM.attributes
                0x0000000000000000       0x2c /home/users/dvk/code/gcc-arm-none-eabi-7-2018-q2-update/bin/../lib/gcc/arm-none-eabi/7.3.1/../../../../arm-none-eabi/lib/thumb/v6-m/libnosys.a(_exit.o)
 .data          0x0000000000000000        0x0 /home/users/dvk/code/gcc-arm-none-eabi-7-2018-q2-update/bin/../lib/gcc/arm-none-eabi/7.3.1/thumb/v6-m/libgcc.a(_udivsi3.o)
 .bss           0x0000000000000000        0x0 /home/users/dvk/code/gcc-arm-none-eabi-7-2018-q2-update/bin/../lib/gcc/arm-none-eabi/7.3.1/thumb/v6-m/libgcc.a(_udivsi3.o)
 .data          0x0000000000000000        0x0 /home/users/dvk/code/gcc-arm-none-eabi-7-2018-q2-update/bin/../lib/gcc/arm-none-eabi/7.3.1/thumb/v6-m/libgcc.a(_dvmd_tls.o)
 .bss           0x0000000000000000        0x0 /home/users/dvk/code/gcc-arm-none-eabi-7-2018-q2-update/bin/../lib/gcc/arm-none-eabi/7.3.1/thumb/v6-m/libgcc.a(_dvmd_tls.o)
 .text          0x0000000000000000        0x0 /home/users/dvk/code/gcc-arm-none-eabi-7-2018-q2-update/bin/../lib/gcc/arm-none-eabi/7.3.1/thumb/v6-m/crtend.o
 .data          0x0000000000000000        0x0 /home/users/dvk/code/gcc-arm-none-eabi-7-2018-q2-update/bin/../lib/gcc/arm-none-eabi/7.3.1/thumb/v6-m/crtend.o
 .bss           0x0000000000000000        0x0 /home/users/dvk/code/gcc-arm-none-eabi-7-2018-q2-update/bin/../lib/gcc/arm-none-eabi/7.3.1/thumb/v6-m/crtend.o
 .eh_frame      0x0000000000000000        0x4 /home/users/dvk/code/gcc-arm-none-eabi-7-2018-q2-update/bin/../lib/gcc/arm-none-eabi/7.3.1/thumb/v6-m/crtend.o
 .ARM.attributes
                0x0000000000000000       0x2c /home/users/dvk/code/gcc-arm-none-eabi-7-2018-q2-update/bin/../lib/gcc/arm-none-eabi/7.3.1/thumb/v6-m/crtend.o
 .text          0x0000000000000000        0x0 /home/users/dvk/code/gcc-arm-none-eabi-7-2018-q2-update/bin/../lib/gcc/arm-none-eabi/7.3.1/thumb/v6-m/crtn.o
 .data          0x0000000000000000        0x0 /home/users/dvk/code/gcc-arm-none-eabi-7-2018-q2-update/bin/../lib/gcc/arm-none-eabi/7.3.1/thumb/v6-m/crtn.o
 .bss           0x0000000000000000        0x0 /home/users/dvk/code/gcc-arm-none-eabi-7-2018-q2-update/bin/../lib/gcc/arm-none-eabi/7.3.1/thumb/v6-m/crtn.o

Memory Configuration

Name             Origin             Length             Attributes
RAM              0x0000000020000000 0x0000000000001000 xrw
FLASH            0x0000000008000000 0x0000000000008000 xr
*default*        0x0000000000000000 0xffffffffffffffff

Linker script and memory map

LOAD /home/users/dvk/code/gcc-arm-none-eabi-7-2018-q2-update/bin/../lib/gcc/arm-none-eabi/7.3.1/thumb/v6-m/crti.o
LOAD /home/users/dvk/code/gcc-arm-none-eabi-7-2018-q2-update/bin/../lib/gcc/arm-none-eabi/7.3.1/thumb/v6-m/crtbegin.o
LOAD /home/users/dvk/code/gcc-arm-none-eabi-7-2018-q2-update/bin/../lib/gcc/arm-none-eabi/7.3.1/../../../../arm-none-eabi/lib/thumb/v6-m/crt0.o
LOAD build/main.o
LOAD build/startup_stm32f030x6.o
LOAD /home/users/dvk/code/gcc-arm-none-eabi-7-2018-q2-update/bin/../lib/gcc/arm-none-eabi/7.3.1/../../../../arm-none-eabi/lib/thumb/v6-m/libc_nano.a
LOAD /home/users/dvk/code/gcc-arm-none-eabi-7-2018-q2-update/bin/../lib/gcc/arm-none-eabi/7.3.1/../../../../arm-none-eabi/lib/thumb/v6-m/libm.a
LOAD /home/users/dvk/code/gcc-arm-none-eabi-7-2018-q2-update/bin/../lib/gcc/arm-none-eabi/7.3.1/../../../../arm-none-eabi/lib/thumb/v6-m/libnosys.a
START GROUP
LOAD /home/users/dvk/code/gcc-arm-none-eabi-7-2018-q2-update/bin/../lib/gcc/arm-none-eabi/7.3.1/thumb/v6-m/libgcc.a
LOAD /home/users/dvk/code/gcc-arm-none-eabi-7-2018-q2-update/bin/../lib/gcc/arm-none-eabi/7.3.1/../../../../arm-none-eabi/lib/thumb/v6-m/libc_nano.a
END GROUP
START GROUP
LOAD /home/users/dvk/code/gcc-arm-none-eabi-7-2018-q2-update/bin/../lib/gcc/arm-none-eabi/7.3.1/thumb/v6-m/libgcc.a
LOAD /home/users/dvk/code/gcc-arm-none-eabi-7-2018-q2-update/bin/../lib/gcc/arm-none-eabi/7.3.1/../../../../arm-none-eabi/lib/thumb/v6-m/libc_nano.a
END GROUP
LOAD /home/users/dvk/code/gcc-arm-none-eabi-7-2018-q2-update/bin/../lib/gcc/arm-none-eabi/7.3.1/thumb/v6-m/crtend.o
LOAD /home/users/dvk/code/gcc-arm-none-eabi-7-2018-q2-update/bin/../lib/gcc/arm-none-eabi/7.3.1/thumb/v6-m/crtn.o
                0x0000000020001000                _estack = 0x20001000
                0x0000000000000200                _Min_Heap_Size = 0x200
                0x0000000000000400                _Min_Stack_Size = 0x400

.isr_vector     0x0000000008000000       0xc0
                0x0000000008000000                . = ALIGN (0x4)
 *(.isr_vector)
 .isr_vector    0x0000000008000000       0xc0 build/startup_stm32f030x6.o
                0x0000000008000000                g_pfnVectors
                0x00000000080000c0                . = ALIGN (0x4)

.text           0x00000000080000c0      0x334
                0x00000000080000c0                . = ALIGN (0x4)
 *(.text)
 .text          0x00000000080000c0       0x48 /home/users/dvk/code/gcc-arm-none-eabi-7-2018-q2-update/bin/../lib/gcc/arm-none-eabi/7.3.1/thumb/v6-m/crtbegin.o
 .text          0x0000000008000108      0x114 /home/users/dvk/code/gcc-arm-none-eabi-7-2018-q2-update/bin/../lib/gcc/arm-none-eabi/7.3.1/thumb/v6-m/libgcc.a(_udivsi3.o)
                0x0000000008000108                __udivsi3
                0x0000000008000108                __aeabi_uidiv
                0x0000000008000214                __aeabi_uidivmod
 .text          0x000000000800021c        0x4 /home/users/dvk/code/gcc-arm-none-eabi-7-2018-q2-update/bin/../lib/gcc/arm-none-eabi/7.3.1/thumb/v6-m/libgcc.a(_dvmd_tls.o)
                0x000000000800021c                __aeabi_ldiv0
                0x000000000800021c                __aeabi_idiv0
 *(.text*)
 .text._ZN10CyclicTaskILj300EE6notifyEv
                0x0000000008000220        0x8 build/main.o
                0x0000000008000220                CyclicTask<300u>::notify()
 .text._ZN10CyclicTaskILj200EE6notifyEv
                0x0000000008000228        0x8 build/main.o
                0x0000000008000228                CyclicTask<200u>::notify()
 .text._Z15systemTimerInitv
                0x0000000008000230       0x20 build/main.o
                0x0000000008000230                systemTimerInit()
 .text.SysTick_Handler
                0x0000000008000250       0x1c build/main.o
                0x0000000008000250                SysTick_Handler
 .text.startup.main
                0x000000000800026c       0xc4 build/main.o
                0x000000000800026c                main
 .text.startup._GLOBAL__sub_I__Z15systemTimerInitv
                0x0000000008000330       0x14 build/main.o
 .text.Reset_Handler
                0x0000000008000344       0x4c build/startup_stm32f030x6.o
                0x0000000008000344                Reset_Handler
 .text.Default_Handler
                0x0000000008000390        0x2 build/startup_stm32f030x6.o
                0x0000000008000390                TIM1_CC_IRQHandler
                0x0000000008000390                HardFault_Handler
                0x0000000008000390                PendSV_Handler
                0x0000000008000390                NMI_Handler
                0x0000000008000390                I2C1_IRQHandler
                0x0000000008000390                SPI1_IRQHandler
                0x0000000008000390                EXTI2_3_IRQHandler
                0x0000000008000390                ADC1_IRQHandler
                0x0000000008000390                TIM17_IRQHandler
                0x0000000008000390                RTC_IRQHandler
                0x0000000008000390                TIM16_IRQHandler
                0x0000000008000390                TIM3_IRQHandler
                0x0000000008000390                EXTI4_15_IRQHandler
                0x0000000008000390                RCC_IRQHandler
                0x0000000008000390                DMA1_Channel1_IRQHandler
                0x0000000008000390                Default_Handler
                0x0000000008000390                TIM14_IRQHandler
                0x0000000008000390                DMA1_Channel4_5_IRQHandler
                0x0000000008000390                EXTI0_1_IRQHandler
                0x0000000008000390                SVC_Handler
                0x0000000008000390                WWDG_IRQHandler
                0x0000000008000390                DMA1_Channel2_3_IRQHandler
                0x0000000008000390                FLASH_IRQHandler
                0x0000000008000390                USART1_IRQHandler
                0x0000000008000390                TIM1_BRK_UP_TRG_COM_IRQHandler
 *fill*         0x0000000008000392        0x2 
 .text.__libc_init_array
                0x0000000008000394       0x48 /home/users/dvk/code/gcc-arm-none-eabi-7-2018-q2-update/bin/../lib/gcc/arm-none-eabi/7.3.1/../../../../arm-none-eabi/lib/thumb/v6-m/libc_nano.a(lib_a-init.o)
                0x0000000008000394                __libc_init_array
 *(.glue_7)
 .glue_7        0x00000000080003dc        0x0 linker stubs
 *(.glue_7t)
 .glue_7t       0x00000000080003dc        0x0 linker stubs
 *(.eh_frame)
 .eh_frame      0x00000000080003dc        0x0 /home/users/dvk/code/gcc-arm-none-eabi-7-2018-q2-update/bin/../lib/gcc/arm-none-eabi/7.3.1/thumb/v6-m/crtbegin.o
 *(.init)
 .init          0x00000000080003dc        0x4 /home/users/dvk/code/gcc-arm-none-eabi-7-2018-q2-update/bin/../lib/gcc/arm-none-eabi/7.3.1/thumb/v6-m/crti.o
                0x00000000080003dc                _init
 .init          0x00000000080003e0        0x8 /home/users/dvk/code/gcc-arm-none-eabi-7-2018-q2-update/bin/../lib/gcc/arm-none-eabi/7.3.1/thumb/v6-m/crtn.o
 *(.fini)
 .fini          0x00000000080003e8        0x4 /home/users/dvk/code/gcc-arm-none-eabi-7-2018-q2-update/bin/../lib/gcc/arm-none-eabi/7.3.1/thumb/v6-m/crti.o
                0x00000000080003e8                _fini
 .fini          0x00000000080003ec        0x8 /home/users/dvk/code/gcc-arm-none-eabi-7-2018-q2-update/bin/../lib/gcc/arm-none-eabi/7.3.1/thumb/v6-m/crtn.o
                0x00000000080003f4                . = ALIGN (0x4)
                0x00000000080003f4                _etext = .

.vfp11_veneer   0x00000000080003f4        0x0
 .vfp11_veneer  0x00000000080003f4        0x0 linker stubs

.v4_bx          0x00000000080003f4        0x0
 .v4_bx         0x00000000080003f4        0x0 linker stubs

.iplt           0x00000000080003f4        0x0
 .iplt          0x00000000080003f4        0x0 /home/users/dvk/code/gcc-arm-none-eabi-7-2018-q2-update/bin/../lib/gcc/arm-none-eabi/7.3.1/thumb/v6-m/crtbegin.o

.rodata         0x00000000080003f4       0x18
                0x00000000080003f4                . = ALIGN (0x4)
 *(.rodata)
 *(.rodata*)
 .rodata._ZTV10CyclicTaskILj200EE
                0x00000000080003f4        0xc build/main.o
                0x00000000080003f4                vtable for CyclicTask<200u>
 .rodata._ZTV10CyclicTaskILj300EE
                0x0000000008000400        0xc build/main.o
                0x0000000008000400                vtable for CyclicTask<300u>
                0x000000000800040c                . = ALIGN (0x4)

.rel.dyn        0x000000000800040c        0x0
 .rel.iplt      0x000000000800040c        0x0 /home/users/dvk/code/gcc-arm-none-eabi-7-2018-q2-update/bin/../lib/gcc/arm-none-eabi/7.3.1/thumb/v6-m/crtbegin.o

.ARM.extab
 *(.ARM.extab* .gnu.linkonce.armextab.*)

.ARM            0x000000000800040c        0x0
                0x000000000800040c                __exidx_start = .
 *(.ARM.exidx*)
                0x000000000800040c                __exidx_end = .

.preinit_array  0x000000000800040c        0x0
                0x000000000800040c                PROVIDE (__preinit_array_start = .)
 *(.preinit_array*)
                0x000000000800040c                PROVIDE (__preinit_array_end = .)

.init_array     0x000000000800040c        0x8
                0x000000000800040c                PROVIDE (__init_array_start = .)
 *(SORT_BY_NAME(.init_array.*))
 *(.init_array*)
 .init_array    0x000000000800040c        0x4 /home/users/dvk/code/gcc-arm-none-eabi-7-2018-q2-update/bin/../lib/gcc/arm-none-eabi/7.3.1/thumb/v6-m/crtbegin.o
 .init_array    0x0000000008000410        0x4 build/main.o
                0x0000000008000414                PROVIDE (__init_array_end = .)

.fini_array     0x0000000008000414        0x4
                [!provide]                        PROVIDE (__fini_array_start = .)
 *(SORT_BY_NAME(.fini_array.*))
 *(.fini_array*)
 .fini_array    0x0000000008000414        0x4 /home/users/dvk/code/gcc-arm-none-eabi-7-2018-q2-update/bin/../lib/gcc/arm-none-eabi/7.3.1/thumb/v6-m/crtbegin.o
                [!provide]                        PROVIDE (__fini_array_end = .)
                0x0000000008000418                _sidata = LOADADDR (.data)

.data           0x0000000020000000        0x0 load address 0x0000000008000418
                0x0000000020000000                . = ALIGN (0x4)
                0x0000000020000000                _sdata = .
 *(.data)
 *(.data*)
                0x0000000020000000                . = ALIGN (0x4)
                0x0000000020000000                _edata = .

.igot.plt       0x0000000020000000        0x0 load address 0x0000000008000418
 .igot.plt      0x0000000020000000        0x0 /home/users/dvk/code/gcc-arm-none-eabi-7-2018-q2-update/bin/../lib/gcc/arm-none-eabi/7.3.1/thumb/v6-m/crtbegin.o
                0x0000000020000000                . = ALIGN (0x4)

.bss            0x0000000020000000       0x24 load address 0x0000000008000418
                0x0000000020000000                _sbss = .
                0x0000000020000000                __bss_start__ = _sbss
 *(.bss)
 .bss           0x0000000020000000       0x1c /home/users/dvk/code/gcc-arm-none-eabi-7-2018-q2-update/bin/../lib/gcc/arm-none-eabi/7.3.1/thumb/v6-m/crtbegin.o
 *(.bss*)
 .bss.tickUpdater
                0x000000002000001c        0x8 build/main.o
                0x000000002000001c                tickUpdater
 *(COMMON)
                0x0000000020000024                . = ALIGN (0x4)
                0x0000000020000024                _ebss = .
                0x0000000020000024                __bss_end__ = _ebss

._user_heap_stack
                0x0000000020000024      0x604 load address 0x0000000008000418
                0x0000000020000028                . = ALIGN (0x8)
 *fill*         0x0000000020000024        0x4 
                [!provide]                        PROVIDE (end = .)
                [!provide]                        PROVIDE (_end = .)
                0x0000000020000228                . = (. + _Min_Heap_Size)
 *fill*         0x0000000020000028      0x200 
                0x0000000020000628                . = (. + _Min_Stack_Size)
 *fill*         0x0000000020000228      0x400 
                0x0000000020000628                . = ALIGN (0x8)

/DISCARD/
 libc.a(*)
 libm.a(*)
 libgcc.a(*)

.ARM.attributes
                0x0000000000000000       0x28
 *(.ARM.attributes)
 .ARM.attributes
                0x0000000000000000       0x1e /home/users/dvk/code/gcc-arm-none-eabi-7-2018-q2-update/bin/../lib/gcc/arm-none-eabi/7.3.1/thumb/v6-m/crti.o
 .ARM.attributes
                0x000000000000001e       0x2c /home/users/dvk/code/gcc-arm-none-eabi-7-2018-q2-update/bin/../lib/gcc/arm-none-eabi/7.3.1/thumb/v6-m/crtbegin.o
 .ARM.attributes
                0x000000000000004a       0x31 build/main.o
 .ARM.attributes
                0x000000000000007b       0x21 build/startup_stm32f030x6.o
 .ARM.attributes
                0x000000000000009c       0x2c /home/users/dvk/code/gcc-arm-none-eabi-7-2018-q2-update/bin/../lib/gcc/arm-none-eabi/7.3.1/../../../../arm-none-eabi/lib/thumb/v6-m/libc_nano.a(lib_a-init.o)
 .ARM.attributes
                0x00000000000000c8       0x1e /home/users/dvk/code/gcc-arm-none-eabi-7-2018-q2-update/bin/../lib/gcc/arm-none-eabi/7.3.1/thumb/v6-m/libgcc.a(_udivsi3.o)
 .ARM.attributes
                0x00000000000000e6       0x1e /home/users/dvk/code/gcc-arm-none-eabi-7-2018-q2-update/bin/../lib/gcc/arm-none-eabi/7.3.1/thumb/v6-m/libgcc.a(_dvmd_tls.o)
 .ARM.attributes
                0x0000000000000104       0x1e /home/users/dvk/code/gcc-arm-none-eabi-7-2018-q2-update/bin/../lib/gcc/arm-none-eabi/7.3.1/thumb/v6-m/crtn.o
OUTPUT(build/main.elf elf32-littlearm)

.debug_info     0x0000000000000000     0x1486
 .debug_info    0x0000000000000000     0x1464 build/main.o
 .debug_info    0x0000000000001464       0x22 build/startup_stm32f030x6.o

.debug_abbrev   0x0000000000000000      0x607
 .debug_abbrev  0x0000000000000000      0x5f5 build/main.o
 .debug_abbrev  0x00000000000005f5       0x12 build/startup_stm32f030x6.o

.debug_loc      0x0000000000000000      0x1ea
 .debug_loc     0x0000000000000000      0x1ea build/main.o

.debug_aranges  0x0000000000000000       0x70
 .debug_aranges
                0x0000000000000000       0x48 build/main.o
 .debug_aranges
                0x0000000000000048       0x28 build/startup_stm32f030x6.o

.debug_ranges   0x0000000000000000      0x228
 .debug_ranges  0x0000000000000000      0x208 build/main.o
 .debug_ranges  0x0000000000000208       0x20 build/startup_stm32f030x6.o

.debug_line     0x0000000000000000      0x489
 .debug_line    0x0000000000000000      0x409 build/main.o
 .debug_line    0x0000000000000409       0x80 build/startup_stm32f030x6.o

.debug_str      0x0000000000000000      0xeb7
 .debug_str     0x0000000000000000      0xe8a build/main.o
                                        0xf5b (size before relaxing)
 .debug_str     0x0000000000000e8a       0x2d build/startup_stm32f030x6.o
                                         0x4d (size before relaxing)

.comment        0x0000000000000000       0x7f
 .comment       0x0000000000000000       0x7f build/main.o
                                         0x80 (size before relaxing)

.debug_frame    0x0000000000000000       0xec
 .debug_frame   0x0000000000000000       0xa0 build/main.o
 .debug_frame   0x00000000000000a0       0x2c /home/users/dvk/code/gcc-arm-none-eabi-7-2018-q2-update/bin/../lib/gcc/arm-none-eabi/7.3.1/../../../../arm-none-eabi/lib/thumb/v6-m/libc_nano.a(lib_a-init.o)
 .debug_frame   0x00000000000000cc       0x20 /home/users/dvk/code/gcc-arm-none-eabi-7-2018-q2-update/bin/../lib/gcc/arm-none-eabi/7.3.1/thumb/v6-m/libgcc.a(_udivsi3.o)

Cross Reference Table

Symbol                                            File
ADC1_IRQHandler                                   build/startup_stm32f030x6.o
CyclicTask<200u>::notify()                        build/main.o
CyclicTask<300u>::notify()                        build/main.o
DMA1_Channel1_IRQHandler                          build/startup_stm32f030x6.o
DMA1_Channel2_3_IRQHandler                        build/startup_stm32f030x6.o
DMA1_Channel4_5_IRQHandler                        build/startup_stm32f030x6.o
Default_Handler                                   build/startup_stm32f030x6.o
EXTI0_1_IRQHandler                                build/startup_stm32f030x6.o
EXTI2_3_IRQHandler                                build/startup_stm32f030x6.o
EXTI4_15_IRQHandler                               build/startup_stm32f030x6.o
FLASH_IRQHandler                                  build/startup_stm32f030x6.o
HardFault_Handler                                 build/startup_stm32f030x6.o
I2C1_IRQHandler                                   build/startup_stm32f030x6.o
NMI_Handler                                       build/startup_stm32f030x6.o
PendSV_Handler                                    build/startup_stm32f030x6.o
RCC_IRQHandler                                    build/startup_stm32f030x6.o
RTC_IRQHandler                                    build/startup_stm32f030x6.o
Reset_Handler                                     build/startup_stm32f030x6.o
SPI1_IRQHandler                                   build/startup_stm32f030x6.o
SVC_Handler                                       build/startup_stm32f030x6.o
SysTick_Handler                                   build/main.o
TIM14_IRQHandler                                  build/startup_stm32f030x6.o
TIM16_IRQHandler                                  build/startup_stm32f030x6.o
TIM17_IRQHandler                                  build/startup_stm32f030x6.o
TIM1_BRK_UP_TRG_COM_IRQHandler                    build/startup_stm32f030x6.o
TIM1_CC_IRQHandler                                build/startup_stm32f030x6.o
TIM3_IRQHandler                                   build/startup_stm32f030x6.o
USART1_IRQHandler                                 build/startup_stm32f030x6.o
WWDG_IRQHandler                                   build/startup_stm32f030x6.o
__aeabi_idiv0                                     /home/users/dvk/code/gcc-arm-none-eabi-7-2018-q2-update/bin/../lib/gcc/arm-none-eabi/7.3.1/thumb/v6-m/libgcc.a(_dvmd_tls.o)
                                                  /home/users/dvk/code/gcc-arm-none-eabi-7-2018-q2-update/bin/../lib/gcc/arm-none-eabi/7.3.1/thumb/v6-m/libgcc.a(_udivsi3.o)
__aeabi_ldiv0                                     /home/users/dvk/code/gcc-arm-none-eabi-7-2018-q2-update/bin/../lib/gcc/arm-none-eabi/7.3.1/thumb/v6-m/libgcc.a(_dvmd_tls.o)
__aeabi_uidiv                                     /home/users/dvk/code/gcc-arm-none-eabi-7-2018-q2-update/bin/../lib/gcc/arm-none-eabi/7.3.1/thumb/v6-m/libgcc.a(_udivsi3.o)
__aeabi_uidivmod                                  /home/users/dvk/code/gcc-arm-none-eabi-7-2018-q2-update/bin/../lib/gcc/arm-none-eabi/7.3.1/thumb/v6-m/libgcc.a(_udivsi3.o)
                                                  build/main.o
__bss_end__                                       /home/users/dvk/code/gcc-arm-none-eabi-7-2018-q2-update/bin/../lib/gcc/arm-none-eabi/7.3.1/../../../../arm-none-eabi/lib/thumb/v6-m/crt0.o
__bss_start__                                     /home/users/dvk/code/gcc-arm-none-eabi-7-2018-q2-update/bin/../lib/gcc/arm-none-eabi/7.3.1/../../../../arm-none-eabi/lib/thumb/v6-m/crt0.o
__call_exitprocs                                  /home/users/dvk/code/gcc-arm-none-eabi-7-2018-q2-update/bin/../lib/gcc/arm-none-eabi/7.3.1/../../../../arm-none-eabi/lib/thumb/v6-m/libc_nano.a(lib_a-exit.o)
__deregister_frame_info                           /home/users/dvk/code/gcc-arm-none-eabi-7-2018-q2-update/bin/../lib/gcc/arm-none-eabi/7.3.1/thumb/v6-m/crtbegin.o
__dso_handle                                      /home/users/dvk/code/gcc-arm-none-eabi-7-2018-q2-update/bin/../lib/gcc/arm-none-eabi/7.3.1/thumb/v6-m/crtbegin.o
__init_array_end                                  /home/users/dvk/code/gcc-arm-none-eabi-7-2018-q2-update/bin/../lib/gcc/arm-none-eabi/7.3.1/../../../../arm-none-eabi/lib/thumb/v6-m/libc_nano.a(lib_a-init.o)
__init_array_start                                /home/users/dvk/code/gcc-arm-none-eabi-7-2018-q2-update/bin/../lib/gcc/arm-none-eabi/7.3.1/../../../../arm-none-eabi/lib/thumb/v6-m/libc_nano.a(lib_a-init.o)
__libc_fini_array                                 /home/users/dvk/code/gcc-arm-none-eabi-7-2018-q2-update/bin/../lib/gcc/arm-none-eabi/7.3.1/../../../../arm-none-eabi/lib/thumb/v6-m/crt0.o
__libc_init_array                                 /home/users/dvk/code/gcc-arm-none-eabi-7-2018-q2-update/bin/../lib/gcc/arm-none-eabi/7.3.1/../../../../arm-none-eabi/lib/thumb/v6-m/libc_nano.a(lib_a-init.o)
                                                  build/startup_stm32f030x6.o
                                                  /home/users/dvk/code/gcc-arm-none-eabi-7-2018-q2-update/bin/../lib/gcc/arm-none-eabi/7.3.1/../../../../arm-none-eabi/lib/thumb/v6-m/crt0.o
__preinit_array_end                               /home/users/dvk/code/gcc-arm-none-eabi-7-2018-q2-update/bin/../lib/gcc/arm-none-eabi/7.3.1/../../../../arm-none-eabi/lib/thumb/v6-m/libc_nano.a(lib_a-init.o)
__preinit_array_start                             /home/users/dvk/code/gcc-arm-none-eabi-7-2018-q2-update/bin/../lib/gcc/arm-none-eabi/7.3.1/../../../../arm-none-eabi/lib/thumb/v6-m/libc_nano.a(lib_a-init.o)
__register_frame_info                             /home/users/dvk/code/gcc-arm-none-eabi-7-2018-q2-update/bin/../lib/gcc/arm-none-eabi/7.3.1/thumb/v6-m/crtbegin.o
__sf_fake_stderr                                  /home/users/dvk/code/gcc-arm-none-eabi-7-2018-q2-update/bin/../lib/gcc/arm-none-eabi/7.3.1/../../../../arm-none-eabi/lib/thumb/v6-m/libc_nano.a(lib_a-impure.o)
__sf_fake_stdin                                   /home/users/dvk/code/gcc-arm-none-eabi-7-2018-q2-update/bin/../lib/gcc/arm-none-eabi/7.3.1/../../../../arm-none-eabi/lib/thumb/v6-m/libc_nano.a(lib_a-impure.o)
__sf_fake_stdout                                  /home/users/dvk/code/gcc-arm-none-eabi-7-2018-q2-update/bin/../lib/gcc/arm-none-eabi/7.3.1/../../../../arm-none-eabi/lib/thumb/v6-m/libc_nano.a(lib_a-impure.o)
__stack                                           /home/users/dvk/code/gcc-arm-none-eabi-7-2018-q2-update/bin/../lib/gcc/arm-none-eabi/7.3.1/../../../../arm-none-eabi/lib/thumb/v6-m/crt0.o
__udivsi3                                         /home/users/dvk/code/gcc-arm-none-eabi-7-2018-q2-update/bin/../lib/gcc/arm-none-eabi/7.3.1/thumb/v6-m/libgcc.a(_udivsi3.o)
_ebss                                             build/startup_stm32f030x6.o
_edata                                            build/startup_stm32f030x6.o
_estack                                           build/startup_stm32f030x6.o
_exit                                             /home/users/dvk/code/gcc-arm-none-eabi-7-2018-q2-update/bin/../lib/gcc/arm-none-eabi/7.3.1/../../../../arm-none-eabi/lib/thumb/v6-m/libnosys.a(_exit.o)
                                                  /home/users/dvk/code/gcc-arm-none-eabi-7-2018-q2-update/bin/../lib/gcc/arm-none-eabi/7.3.1/../../../../arm-none-eabi/lib/thumb/v6-m/libc_nano.a(lib_a-exit.o)
_fini                                             /home/users/dvk/code/gcc-arm-none-eabi-7-2018-q2-update/bin/../lib/gcc/arm-none-eabi/7.3.1/thumb/v6-m/crti.o
_global_impure_ptr                                /home/users/dvk/code/gcc-arm-none-eabi-7-2018-q2-update/bin/../lib/gcc/arm-none-eabi/7.3.1/../../../../arm-none-eabi/lib/thumb/v6-m/libc_nano.a(lib_a-impure.o)
                                                  /home/users/dvk/code/gcc-arm-none-eabi-7-2018-q2-update/bin/../lib/gcc/arm-none-eabi/7.3.1/../../../../arm-none-eabi/lib/thumb/v6-m/libc_nano.a(lib_a-exit.o)
_impure_ptr                                       /home/users/dvk/code/gcc-arm-none-eabi-7-2018-q2-update/bin/../lib/gcc/arm-none-eabi/7.3.1/../../../../arm-none-eabi/lib/thumb/v6-m/libc_nano.a(lib_a-impure.o)
_init                                             /home/users/dvk/code/gcc-arm-none-eabi-7-2018-q2-update/bin/../lib/gcc/arm-none-eabi/7.3.1/thumb/v6-m/crti.o
                                                  /home/users/dvk/code/gcc-arm-none-eabi-7-2018-q2-update/bin/../lib/gcc/arm-none-eabi/7.3.1/../../../../arm-none-eabi/lib/thumb/v6-m/libc_nano.a(lib_a-init.o)
_mainCRTStartup                                   /home/users/dvk/code/gcc-arm-none-eabi-7-2018-q2-update/bin/../lib/gcc/arm-none-eabi/7.3.1/../../../../arm-none-eabi/lib/thumb/v6-m/crt0.o
_sbss                                             build/startup_stm32f030x6.o
_sdata                                            build/startup_stm32f030x6.o
_sidata                                           build/startup_stm32f030x6.o
_start                                            /home/users/dvk/code/gcc-arm-none-eabi-7-2018-q2-update/bin/../lib/gcc/arm-none-eabi/7.3.1/../../../../arm-none-eabi/lib/thumb/v6-m/crt0.o
atexit                                            /home/users/dvk/code/gcc-arm-none-eabi-7-2018-q2-update/bin/../lib/gcc/arm-none-eabi/7.3.1/../../../../arm-none-eabi/lib/thumb/v6-m/crt0.o
exit                                              /home/users/dvk/code/gcc-arm-none-eabi-7-2018-q2-update/bin/../lib/gcc/arm-none-eabi/7.3.1/../../../../arm-none-eabi/lib/thumb/v6-m/libc_nano.a(lib_a-exit.o)
                                                  /home/users/dvk/code/gcc-arm-none-eabi-7-2018-q2-update/bin/../lib/gcc/arm-none-eabi/7.3.1/../../../../arm-none-eabi/lib/thumb/v6-m/crt0.o
g_pfnVectors                                      build/startup_stm32f030x6.o
hardware_init_hook                                /home/users/dvk/code/gcc-arm-none-eabi-7-2018-q2-update/bin/../lib/gcc/arm-none-eabi/7.3.1/../../../../arm-none-eabi/lib/thumb/v6-m/crt0.o
main                                              build/main.o
                                                  build/startup_stm32f030x6.o
                                                  /home/users/dvk/code/gcc-arm-none-eabi-7-2018-q2-update/bin/../lib/gcc/arm-none-eabi/7.3.1/../../../../arm-none-eabi/lib/thumb/v6-m/crt0.o
memset                                            /home/users/dvk/code/gcc-arm-none-eabi-7-2018-q2-update/bin/../lib/gcc/arm-none-eabi/7.3.1/../../../../arm-none-eabi/lib/thumb/v6-m/libc_nano.a(lib_a-memset.o)
                                                  /home/users/dvk/code/gcc-arm-none-eabi-7-2018-q2-update/bin/../lib/gcc/arm-none-eabi/7.3.1/../../../../arm-none-eabi/lib/thumb/v6-m/crt0.o
software_init_hook                                /home/users/dvk/code/gcc-arm-none-eabi-7-2018-q2-update/bin/../lib/gcc/arm-none-eabi/7.3.1/../../../../arm-none-eabi/lib/thumb/v6-m/crt0.o
systemTimerInit()                                 build/main.o
tickUpdater                                       build/main.o
vtable for CyclicTask<200u>                       build/main.o
vtable for CyclicTask<300u>                       build/main.o
